\BOOKMARK [0][-]{bm@frontpage.0}{\376\377\134\001\227\142}{}% 1
\BOOKMARK [0][-]{bm@abstractname.0}{\376\377\144\130\211\201}{}% 2
\BOOKMARK [0][-]{section*.1}{\376\377\144\130\211\201}{}% 3
\BOOKMARK [0][-]{bm@ABSTRACTNAME.0}{\376\377\000A\000b\000s\000t\000r\000a\000c\000t}{}% 4
\BOOKMARK [0][-]{section*.2}{\376\377\000A\000b\000s\000t\000r\000a\000c\000t}{}% 5
\BOOKMARK [0][-]{bm@contentsname.0}{\376\377\166\356\137\125}{}% 6
\BOOKMARK [0][-]{bm@listfigurename.0}{\376\377\126\376\166\356\137\125}{}% 7
\BOOKMARK [0][-]{bm@listtablename.0}{\376\377\210\150\166\356\137\125}{}% 8
\BOOKMARK [0][-]{chapter.1}{\376\377\173\054\0001\172\340\000\040\000\040\176\352\213\272}{}% 9
\BOOKMARK [1][-]{section.1.1}{\376\377\0001\000.\0001\000\040\170\024\172\166\200\314\146\157\116\016\141\017\116\111}{chapter.1}% 10
\BOOKMARK [2][-]{subsection.1.1.1}{\376\377\0001\000.\0001\000.\0001\000\040\170\024\172\166\200\314\146\157}{section.1.1}% 11
\BOOKMARK [2][-]{subsection.1.1.2}{\376\377\0001\000.\0001\000.\0002\000\040\170\024\172\166\141\017\116\111}{section.1.1}% 12
\BOOKMARK [1][-]{section.1.2}{\376\377\0001\000.\0002\000\040\126\375\121\205\131\026\170\024\172\166\163\260\162\266}{chapter.1}% 13
\BOOKMARK [2][-]{subsection.1.2.1}{\376\377\0001\000.\0002\000.\0001\000\040\126\375\131\026\170\024\172\166\163\260\162\266}{section.1.2}% 14
\BOOKMARK [2][-]{subsection.1.2.2}{\376\377\0001\000.\0002\000.\0002\000\040\126\375\121\205\170\024\172\166\163\260\162\266}{section.1.2}% 15
\BOOKMARK [1][-]{section.1.3}{\376\377\0001\000.\0003\000\040\170\024\172\166\121\205\133\271\116\016\213\272\145\207\176\323\147\204}{chapter.1}% 16
\BOOKMARK [2][-]{subsection.1.3.1}{\376\377\0001\000.\0003\000.\0001\000\040\170\024\172\166\121\205\133\271}{section.1.3}% 17
\BOOKMARK [2][-]{subsection.1.3.2}{\376\377\0001\000.\0003\000.\0002\000\040\213\272\145\207\176\323\147\204\133\211\143\222}{section.1.3}% 18
\BOOKMARK [0][-]{chapter.2}{\376\377\173\054\0002\172\340\000\040\000\040\166\370\121\163\142\200\147\057\116\016\164\006\213\272\127\372\170\100}{}% 19
\BOOKMARK [1][-]{section.2.1}{\376\377\0002\000.\0001\000\040\122\115\172\357\137\000\123\321\142\200\147\057}{chapter.2}% 20
\BOOKMARK [2][-]{subsection.2.1.1}{\376\377\0002\000.\0001\000.\0001\000\040\000V\000u\000e\0003}{section.2.1}% 21
\BOOKMARK [2][-]{subsection.2.1.2}{\376\377\0002\000.\0001\000.\0002\000\040\000E\000l\000e\000m\000e\000n\000t\000\040\000P\000l\000u\000s}{section.2.1}% 22
\BOOKMARK [1][-]{section.2.2}{\376\377\0002\000.\0002\000\040\124\016\172\357\137\000\123\321\142\200\147\057}{chapter.2}% 23
\BOOKMARK [2][-]{subsection.2.2.1}{\376\377\0002\000.\0002\000.\0001\000\040\000S\000p\000r\000i\000n\000g\000\040\000B\000o\000o\000t}{section.2.2}% 24
\BOOKMARK [2][-]{subsection.2.2.2}{\376\377\0002\000.\0002\000.\0002\000\040\000J\000W\000T\000\040\213\244\213\301\147\072\122\066\116\016\143\245\123\343\213\276\213\241}{section.2.2}% 25
\BOOKMARK [1][-]{section.2.3}{\376\377\0002\000.\0003\000\040\145\160\143\156\133\130\120\250\116\016\137\000\123\321\163\257\130\203}{chapter.2}% 26
\BOOKMARK [2][-]{subsection.2.3.1}{\376\377\0002\000.\0003\000.\0001\000\040\000M\000y\000S\000Q\000L\000\040\145\160\143\156\136\223\142\200\147\057}{section.2.3}% 27
\BOOKMARK [2][-]{subsection.2.3.2}{\376\377\0002\000.\0003\000.\0002\000\040\174\373\176\337\137\000\123\321\116\016\217\320\210\114\163\257\130\203}{section.2.3}% 28
\BOOKMARK [0][-]{chapter.3}{\376\377\173\054\0003\172\340\000\040\000\040\174\373\176\337\227\000\154\102\122\006\147\220}{}% 29
\BOOKMARK [1][-]{section.3.1}{\376\377\0003\000.\0001\000\040\123\357\210\114\140\047\122\006\147\220}{chapter.3}% 30
\BOOKMARK [2][-]{subsection.3.1.1}{\376\377\0003\000.\0001\000.\0001\000\040\142\200\147\057\123\357\210\114\140\047\122\006\147\220}{section.3.1}% 31
\BOOKMARK [2][-]{subsection.3.1.2}{\376\377\0003\000.\0001\000.\0002\000\040\176\317\155\116\116\016\144\315\117\134\123\357\210\114\140\047\122\006\147\220}{section.3.1}% 32
\BOOKMARK [1][-]{section.3.2}{\376\377\0003\000.\0002\000\040\122\237\200\375\227\000\154\102\122\006\147\220}{chapter.3}% 33
\BOOKMARK [2][-]{subsection.3.2.1}{\376\377\0003\000.\0002\000.\0001\000\040\165\050\142\067\172\357\122\237\200\375\227\000\154\102\122\006\147\220}{section.3.2}% 34
\BOOKMARK [2][-]{subsection.3.2.2}{\376\377\0003\000.\0002\000.\0002\000\040\173\241\164\006\172\357\122\237\200\375\227\000\154\102\122\006\147\220}{section.3.2}% 35
\BOOKMARK [1][-]{section.3.3}{\376\377\0003\000.\0003\000\040\227\136\122\237\200\375\227\000\154\102\122\006\147\220}{chapter.3}% 36
\BOOKMARK [2][-]{subsection.3.3.1}{\376\377\0003\000.\0003\000.\0001\000\040\140\047\200\375\116\016\133\211\121\150\227\000\154\102\122\006\147\220}{section.3.3}% 37
\BOOKMARK [2][-]{subsection.3.3.2}{\376\377\0003\000.\0003\000.\0002\000\040\146\023\165\050\140\047\116\016\123\357\176\364\142\244\140\047\122\006\147\220}{section.3.3}% 38
\BOOKMARK [0][-]{chapter.4}{\376\377\173\054\0004\172\340\000\040\000\040\174\373\176\337\140\073\117\123\213\276\213\241}{}% 39
\BOOKMARK [1][-]{section.4.1}{\376\377\0004\000.\0001\000\040\174\373\176\337\147\266\147\204\213\276\213\241}{chapter.4}% 40
\BOOKMARK [2][-]{subsection.4.1.1}{\376\377\0004\000.\0001\000.\0001\000\040\122\115\124\016\172\357\122\006\171\273\147\266\147\204\213\276\213\241}{section.4.1}% 41
\BOOKMARK [2][-]{subsection.4.1.2}{\376\377\0004\000.\0001\000.\0002\000\040\174\373\176\337\152\041\127\127\122\022\122\006\213\276\213\241}{section.4.1}% 42
\BOOKMARK [2][-]{subsection.4.1.3}{\376\377\0004\000.\0001\000.\0003\000\040\150\070\137\303\116\032\122\241\155\101\172\013\213\276\213\241}{section.4.1}% 43
\BOOKMARK [1][-]{section.4.2}{\376\377\0004\000.\0002\000\040\145\160\143\156\136\223\213\276\213\241}{chapter.4}% 44
\BOOKMARK [2][-]{subsection.4.2.1}{\376\377\0004\000.\0002\000.\0001\000\040\145\160\143\156\136\223\151\202\137\365\176\323\147\204\213\276\213\241}{section.4.2}% 45
\BOOKMARK [2][-]{subsection.4.2.2}{\376\377\0004\000.\0002\000.\0002\000\040\145\160\143\156\136\223\220\073\217\221\176\323\147\204\213\276\213\241}{section.4.2}% 46
\BOOKMARK [0][-]{chapter.5}{\376\377\173\054\0005\172\340\000\040\000\040\174\373\176\337\213\346\176\306\213\276\213\241\116\016\133\236\163\260}{}% 47
\BOOKMARK [1][-]{section.5.1}{\376\377\0005\000.\0001\000\040\127\072\127\060\122\027\210\150\116\016\173\133\220\011\133\236\163\260}{chapter.5}% 48
\BOOKMARK [1][-]{section.5.2}{\376\377\0005\000.\0002\000\040\230\204\176\246\145\366\153\265\220\011\142\351\116\016\116\013\123\125\133\236\163\260}{chapter.5}% 49
\BOOKMARK [1][-]{section.5.3}{\376\377\0005\000.\0003\000\040\213\242\123\125\122\027\210\150\116\016\162\266\140\001\144\315\117\134\133\236\163\260}{chapter.5}% 50
\BOOKMARK [1][-]{section.5.4}{\376\377\0005\000.\0004\000\040\126\150\147\120\171\337\120\037\116\016\213\260\137\125\147\345\213\342\133\236\163\260}{chapter.5}% 51
\BOOKMARK [1][-]{section.5.5}{\376\377\0005\000.\0005\000\040\127\072\127\060\173\241\164\006\230\165\227\142\133\236\163\260}{chapter.5}% 52
\BOOKMARK [1][-]{section.5.6}{\376\377\0005\000.\0006\000\040\213\242\123\125\116\016\165\050\142\067\173\241\164\006\133\236\163\260}{chapter.5}% 53
\BOOKMARK [1][-]{section.5.7}{\376\377\0005\000.\0007\000\040\126\150\147\120\117\341\140\157\176\364\142\244\133\236\163\260}{chapter.5}% 54
\BOOKMARK [1][-]{section.5.8}{\376\377\0005\000.\0008\000\040\145\160\143\156\176\337\213\241\167\013\147\177\133\236\163\260}{chapter.5}% 55
\BOOKMARK [0][-]{chapter.6}{\376\377\173\054\0006\172\340\000\040\000\040\174\373\176\337\155\113\213\325}{}% 56
\BOOKMARK [1][-]{section.6.1}{\376\377\0006\000.\0001\000\040\155\113\213\325\163\257\130\203\116\016\145\271\154\325}{chapter.6}% 57
\BOOKMARK [1][-]{section.6.2}{\376\377\0006\000.\0002\000\040\122\237\200\375\155\113\213\325\122\006\147\220}{chapter.6}% 58
\BOOKMARK [0][-]{chapter.7}{\376\377\173\054\0007\172\340\000\040\000\040\140\073\176\323\116\016\134\125\147\033}{}% 59
\BOOKMARK [1][-]{section.7.1}{\376\377\0007\000.\0001\000\040\170\024\172\166\140\073\176\323}{chapter.7}% 60
\BOOKMARK [1][-]{section.7.2}{\376\377\0007\000.\0002\000\040\124\016\176\355\134\125\147\033}{chapter.7}% 61
\BOOKMARK [0][-]{section*.28}{\376\377\123\302\200\003\145\207\163\056}{}% 62
\BOOKMARK [0][-]{section*.30}{\376\377\201\364\214\042}{}% 63
